// Jest Snapshot v1, https://goo.gl/fbAQLP

exports[`sheets component Matches the snapshot 1`] = `
<div
  className="schedulerTypeCont"
>
  <div
    className="scheduleTypeBar"
  >
    <div
      className="dropdown"
      onKeyDown={[Function]}
    >
      <button
        aria-expanded={false}
        aria-haspopup={true}
        className="dropdown-toggle btn btn-secondary"
        disabled={false}
        id="dropdown-button-drop-down"
        onClick={[Function]}
        type="button"
      >
         Group Size 
      </button>
    </div>
  </div>
</div>
`;
