// Jest Snapshot v1, https://goo.gl/fbAQLP

exports[`sheets component Matches the snapshot 1`] = `
<div
  onDragEnter={[Function]}
  onDragOver={[Function]}
  onDrop={[Function]}
>
  <div
    className="row"
  >
    <div
      className="col-xs-1"
    >
      <form
        className="form-inline"
      >
        <div
          className="form-group"
        >
          <label
            htmlFor="file"
          >
            Spreadsheet:
          </label>
          <input
            accept=".xlsx,.xlsb,.xlsm,.xls,.xml,.csv,.txt,.ods,.fods,.uos,.sylk,.dif,.dbf,.prn,.qpw,.123,.wb*,.wq*,.html,.htm"
            className="form-control"
            id="file"
            onChange={[Function]}
            type="file"
          />
        </div>
      </form>
    </div>
  </div>
  <div
    className="button"
  >
    <div
      className="col-xs-2"
    >
      <button
        className="btn btn-success"
        disabled={true}
        onClick={[Function]}
      >
        Export
      </button>
    </div>
  </div>
  <div
    className="row2"
  >
    <div
      className="col-xs-3"
    >
      <div
        className="table-responsive"
      >
        <table
          className="table table-striped"
        >
          <thead>
            <tr />
          </thead>
          <tbody />
        </table>
      </div>
    </div>
  </div>
</div>
`;

exports[`test component Matches the snapshot 1`] = `
<div
  onDragEnter={[Function]}
  onDragOver={[Function]}
  onDrop={[Function]}
>
  <div
    className="row"
  >
    <div
      className="col-xs-1"
    >
      <form
        className="form-inline"
      >
        <div
          className="form-group"
        >
          <label
            htmlFor="file"
          >
            Spreadsheet:
          </label>
          <input
            accept=".xlsx,.xlsb,.xlsm,.xls,.xml,.csv,.txt,.ods,.fods,.uos,.sylk,.dif,.dbf,.prn,.qpw,.123,.wb*,.wq*,.html,.htm"
            className="form-control"
            id="file"
            onChange={[Function]}
            type="file"
          />
        </div>
      </form>
    </div>
  </div>
  <div
    className="button"
  >
    <div
      className="col-xs-2"
    >
      <button
        className="btn btn-success"
        disabled={true}
        onClick={[Function]}
      >
        Export
      </button>
    </div>
  </div>
  <div
    className="row2"
  >
    <div
      className="col-xs-3"
    >
      <div
        className="table-responsive"
      >
        <table
          className="table table-striped"
        >
          <thead>
            <tr />
          </thead>
          <tbody />
        </table>
      </div>
    </div>
  </div>
</div>
`;
